// Jest Snapshot v1, https://goo.gl/fbAQLP

exports[`<Checkout/> renders and matches snapshot 1`] = `null`;
