// Jest Snapshot v1, https://goo.gl/fbAQLP

exports[`<Item/> renders and matches snapshot 1`] = `
<ItemStyles__Item>
  <img
    alt="Test Item"
    src="testitemimage.jpg"
  />
  <Title>
    <Link
      href={
        Object {
          "pathname": "/item",
          "query": Object {
            "id": "abc123",
          },
        }
      }
    >
      <a>
        Test Item
      </a>
    </Link>
  </Title>
  <PriceTag>
    NGNÂ 40,000
  </PriceTag>
  <p>
    Test Item Noni
  </p>
  <div
    className="buttonList"
  >
    <AddToCart
      id="abc123"
    />
  </div>
</ItemStyles__Item>
`;
