// Jest Snapshot v1, https://goo.gl/fbAQLP

exports[`<Nav/> renders a minimal nav when signed out 1`] = `
Array [
  <NavStyles
    data-test="nav"
  >
    <ul
      className="NavStyles-sc-11c0d2g-0 cDTdBM"
      data-test="nav"
    >
      <Link
        href="/items"
      >
        <a
          href="/items"
          onClick={[Function]}
          onMouseEnter={[Function]}
        >
          shop
        </a>
      </Link>
      <Link
        href="/signup"
      >
        <a
          href="/signup"
          onClick={[Function]}
          onMouseEnter={[Function]}
        >
          signup
        </a>
      </Link>
    </ul>
  </NavStyles>,
  <ul
    className="NavStyles-sc-11c0d2g-0 cDTdBM"
    data-test="nav"
  >
    <Link
      href="/items"
    >
      <a
        href="/items"
        onClick={[Function]}
        onMouseEnter={[Function]}
      >
        shop
      </a>
    </Link>
    <Link
      href="/signup"
    >
      <a
        href="/signup"
        onClick={[Function]}
        onMouseEnter={[Function]}
      >
        signup
      </a>
    </Link>
  </ul>,
]
`;

exports[`<Nav/> renders full Nav when signed in 1`] = `
<ul
  className="NavStyles-sc-11c0d2g-0 cDTdBM"
  data-test="nav"
>
  <Link
    href="/items"
  >
    <a
      href="/items"
      onClick={[Function]}
      onMouseEnter={[Function]}
    >
      shop
    </a>
  </Link>
  <Link
    href="/sell"
  >
    <a
      href="/sell"
      onClick={[Function]}
      onMouseEnter={[Function]}
    >
      sell
    </a>
  </Link>
  <Link
    href="/orders"
  >
    <a
      href="/orders"
      onClick={[Function]}
      onMouseEnter={[Function]}
    >
      orders
    </a>
  </Link>
  <Link
    href="/me"
  >
    <a
      href="/me"
      onClick={[Function]}
      onMouseEnter={[Function]}
    >
      Account
    </a>
  </Link>
  <Signout>
    <button
      onClick={[Function]}
    >
      Sign out
    </button>
  </Signout>
  <button
    onClick={[Function]}
  >
    My cart
     
    <CartCount
      count={0}
    >
      <CartCount__AnimationStyle>
        <span
          className="CartCount__AnimationStyle-xxvp4g-0 hASYsj"
        >
          <TransitionGroup
            childFactory={[Function]}
            component="div"
          >
            <div>
              <CSSTransition
                className="count"
                classNames="count"
                in={true}
                key=".$0"
                onExited={[Function]}
                timeout={
                  Object {
                    "enter": 400,
                    "exit": 400,
                  }
                }
                unmountOnExit={true}
              >
                <Transition
                  appear={false}
                  className="count"
                  enter={true}
                  exit={true}
                  in={true}
                  mountOnEnter={false}
                  onEnter={[Function]}
                  onEntered={[Function]}
                  onEntering={[Function]}
                  onExit={[Function]}
                  onExited={[Function]}
                  onExiting={[Function]}
                  timeout={
                    Object {
                      "enter": 400,
                      "exit": 400,
                    }
                  }
                  unmountOnExit={true}
                >
                  <CartCount__Dot
                    className="count"
                  >
                    <div
                      className="count CartCount__Dot-xxvp4g-1 imBrrz"
                    >
                      0
                    </div>
                  </CartCount__Dot>
                </Transition>
              </CSSTransition>
            </div>
          </TransitionGroup>
        </span>
      </CartCount__AnimationStyle>
    </CartCount>
  </button>
</ul>
`;

exports[`<Nav/> renders the amount of items in the cart 1`] = `
<div
  className="count CartCount__Dot-xxvp4g-1 imBrrz"
>
  9
</div>
`;

exports[`<PleaseSignIn/> renders the sign in dialog for logged out user 1`] = `
<Signin>
  <div>
    <Form
      method="POST"
      onSubmit={[Function]}
    >
      <form
        className="Form-sc-1xszr8q-0 ekayYU"
        method="POST"
        onSubmit={[Function]}
      >
        <fieldset
          aria-busy={false}
          disabled={false}
        >
          <h2>
            Sign into your account
          </h2>
          <DisplayError
            error={Object {}}
          />
          <label
            htmlFor="email"
          >
            Email
            <input
              name="email"
              onChange={[Function]}
              placeholder="enter your email here"
              type="email"
              value=""
            />
          </label>
          <label
            htmlFor="password"
          >
            Password
            <input
              name="password"
              onChange={[Function]}
              placeholder="enter your password here"
              type="password"
              value=""
            />
          </label>
          <button
            className="button"
          >
             Sign in
          </button>
        </fieldset>
      </form>
    </Form>
  </div>
</Signin>
`;
