// Jest Snapshot v1, https://goo.gl/fbAQLP

exports[`<PleaseSignIn/> renders the sign in dialog for logged out user 1`] = `
<Signin>
  <div>
    <Form
      method="POST"
      onSubmit={[Function]}
    >
      <form
        className="Form-sc-1xszr8q-0 ekayYU"
        method="POST"
        onSubmit={[Function]}
      >
        <fieldset
          aria-busy={false}
          disabled={false}
        >
          <h2>
            Sign into your account
          </h2>
          <DisplayError
            error={Object {}}
          />
          <label
            htmlFor="email"
          >
            Email
            <input
              name="email"
              onChange={[Function]}
              placeholder="enter your email here"
              type="email"
              value=""
            />
          </label>
          <label
            htmlFor="password"
          >
            Password
            <input
              name="password"
              onChange={[Function]}
              placeholder="enter your password here"
              type="password"
              value=""
            />
          </label>
          <button
            className="button"
          >
             Sign in
          </button>
        </fieldset>
      </form>
    </Form>
  </div>
</Signin>
`;
