// Jest Snapshot v1, https://goo.gl/fbAQLP

exports[`<RequestReset/> renders and matches snapshot 1`] = `
<form
  className="Form-sc-1xszr8q-0 ekayYU"
  data-test="form"
  method="POST"
  onSubmit={[Function]}
>
  <fieldset
    aria-busy={false}
    disabled={false}
  >
    <h2>
      Request a password reset
    </h2>
    <DisplayError
      error={Object {}}
    />
    <label
      htmlFor="email"
    >
      Email
      <input
        name="email"
        onChange={[Function]}
        plaeholder="enter your email here"
        type="email"
        value=""
      />
    </label>
    <button
      className="button"
    >
       Request Reset
    </button>
  </fieldset>
</form>
`;
